// Jest Snapshot v1, https://goo.gl/fbAQLP

exports[`Input renders correctly 1`] = `
<div>
  <input
    onChange={[Function]}
    placeholder="111-1-1111-1111-1"
    required={true}
    type="text"
    value=""
  />
  <button
    onClick={[Function]}
  >
    Find book
  </button>
</div>
`;
