// Jest Snapshot v1, https://goo.gl/fbAQLP

exports[`List renders correctly with props 1`] = `
<ul
  id="list"
>
  <li
    key="1"
  >
    <Link
      replace={false}
      to="/book/1"
    >
      title
    </Link>
  </li>
</ul>
`;
