// Jest Snapshot v1, https://goo.gl/fbAQLP

exports[`LoginPage renders correctly 1`] = `
<div
  className="col-md-6 col-md-offset-3 jumbotron"
>
  <h1
    className="display-4"
  >
    Login
  </h1>
  <form
    id="submit"
    name="form"
    onSubmit={[Function]}
  >
    <div
      className="form-group"
    >
      <label
        htmlFor="username"
      >
        Username
      </label>
      <input
        className="form-control"
        name="username"
        onChange={[Function]}
        type="text"
        value=""
      />
    </div>
    <div
      className="form-group"
    >
      <label
        htmlFor="password"
      >
        Password
      </label>
      <input
        className="form-control"
        name="password"
        onChange={[Function]}
        type="password"
        value=""
      />
    </div>
    <div
      className="form-group"
    >
      <button
        className="btn btn-primary"
      >
        Log In
      </button>
      <Link
        className="btn btn-link"
        replace={false}
        to="/registration"
      >
        Register
      </Link>
    </div>
  </form>
</div>
`;
